---
source: src/snapshot_tests.rs
expression: "render(&mut session.app, 60, 24)"
---
"word word word word word word word word word word word word "
"word word word word word word word word word word word word "
"word word word word word word word word word word word word "
"word word word word word word word word word word word word "
"word word word word word word word word word word word word "
"                                                            "
"                                                            "
"                                                            "
"                                                            "
"                                                            "
"                                                            "
"                                                            "
"                                                            "
"                                                            "
"                                                            "
"                                                            "
"                                                            "
"                                                            "
"                                                            "
"────────────────────────────────────────────────────────────"
"› Type a message…                                           "
"────────────────────────────────────────────────────────────"
"~/Projects/mu (main)                                        "
"↑900 ↓500                    (opencode-go) deepseek-v4-flash"
